// Jest Snapshot v1, https://goo.gl/fbAQLP

exports[`Gear should match the snapshot with all of the data passed through 1`] = `
<View
  style={
    Object {
      "alignItems": "center",
      "flex": 1,
      "marginHorizontal": "10%",
      "marginVertical": 20,
    }
  }
>
  <Text
    style={
      Object {
        "color": "#001028",
        "fontFamily": "Georgia",
        "fontSize": 18,
        "paddingBottom": 2,
        "textAlign": "left",
        "width": "100%",
      }
    }
  >
    Item name:
  </Text>
  <TextInput
    allowFontScaling={true}
    name="itemName"
    onChangeText={[Function]}
    placeholder="Red down sleeping bag"
    rejectResponderTermination={true}
    style={
      Object {
        "backgroundColor": "#F0F0F0",
        "borderColor": "#001028",
        "borderRadius": 2,
        "borderWidth": 2,
        "marginBottom": 15,
        "padding": 10,
        "width": "100%",
      }
    }
    underlineColorAndroid="transparent"
    value=""
  />
  <Text
    style={
      Object {
        "color": "#001028",
        "fontFamily": "Georgia",
        "fontSize": 18,
        "paddingBottom": 2,
        "textAlign": "left",
        "width": "100%",
      }
    }
  >
    Item description:
  </Text>
  <TextInput
    allowFontScaling={true}
    name="description"
    onChangeText={[Function]}
    placeholder="Mummy bag, 0 degree"
    rejectResponderTermination={true}
    style={
      Object {
        "backgroundColor": "#F0F0F0",
        "borderColor": "#001028",
        "borderRadius": 2,
        "borderWidth": 2,
        "marginBottom": 15,
        "padding": 10,
        "width": "100%",
      }
    }
    underlineColorAndroid="transparent"
    value="REI red 2 person"
  />
  <Component
    onPress={[Function]}
    style={
      Object {
        "backgroundColor": "#001028",
        "borderColor": "#EFB095",
        "borderWidth": 4,
        "marginVertical": 10,
        "paddingVertical": 12,
        "width": "100%",
      }
    }
  >
    <Text
      style={
        Object {
          "color": "#F0F0F0",
          "fontFamily": "Futura",
          "fontSize": 21,
          "paddingHorizontal": "24%",
          "textAlign": "center",
          "width": "100%",
        }
      }
    >
      ADD GEAR ITEM
    </Text>
  </Component>
</View>
`;
