// Jest Snapshot v1, https://goo.gl/fbAQLP

exports[`Gear should match the snapshot with all of the data passed through 1`] = `
<View
  style={
    Object {
      "alignItems": "center",
      "flex": 1,
      "marginVertical": 40,
    }
  }
>
  <Text
    style={
      Object {
        "fontSize": 12,
        "textAlign": "left",
        "width": "80%",
      }
    }
  >
    Item name:
  </Text>
  <TextInput
    allowFontScaling={true}
    name="itemName"
    onChangeText={[Function]}
    placeholder="Red down sleeping bag"
    rejectResponderTermination={true}
    style={
      Object {
        "backgroundColor": "#fff",
        "borderColor": "black",
        "borderWidth": 1,
        "marginBottom": 10,
        "padding": 10,
        "width": "80%",
      }
    }
    underlineColorAndroid="transparent"
    value=""
  />
  <Text
    style={
      Object {
        "fontSize": 12,
        "textAlign": "left",
        "width": "80%",
      }
    }
  >
    Item description:
  </Text>
  <TextInput
    allowFontScaling={true}
    name="description"
    onChangeText={[Function]}
    placeholder="Mummy bag, 0 degree"
    rejectResponderTermination={true}
    style={
      Object {
        "backgroundColor": "#fff",
        "borderColor": "black",
        "borderWidth": 1,
        "marginBottom": 10,
        "padding": 10,
        "width": "80%",
      }
    }
    underlineColorAndroid="transparent"
    value="REI red 2 person"
  />
  <Component
    onPress={[Function]}
    style={
      Object {
        "borderColor": "black",
        "borderWidth": 1,
        "padding": 10,
        "paddingHorizontal": "32%",
      }
    }
  >
    <Text
      style={
        Object {
          "textAlign": "center",
        }
      }
    >
      ADD Gear
    </Text>
  </Component>
</View>
`;
