// Jest Snapshot v1, https://goo.gl/fbAQLP

exports[`Vehicle should match the snapshot with all of the data passed through 1`] = `
<View
  style={
    Object {
      "alignItems": "center",
      "flex": 1,
    }
  }
>
  <Text>
    Make
  </Text>
  <TextInput
    allowFontScaling={true}
    name="make"
    onChangeText={[Function]}
    placeholder="make"
    rejectResponderTermination={true}
    style={
      Object {
        "backgroundColor": "#fff",
        "borderColor": "black",
        "borderWidth": 1,
        "marginBottom": 10,
        "padding": 10,
        "width": "80%",
      }
    }
    underlineColorAndroid="transparent"
    value="Ford"
  />
  <Text>
    Model
  </Text>
  <TextInput
    allowFontScaling={true}
    name="model"
    onChangeText={[Function]}
    placeholder="model"
    rejectResponderTermination={true}
    style={
      Object {
        "backgroundColor": "#fff",
        "borderColor": "black",
        "borderWidth": 1,
        "marginBottom": 10,
        "padding": 10,
        "width": "80%",
      }
    }
    underlineColorAndroid="transparent"
    value="F150"
  />
  <Text>
    Year
  </Text>
  <TextInput
    allowFontScaling={true}
    name="year"
    onChangeText={[Function]}
    placeholder="year"
    rejectResponderTermination={true}
    style={
      Object {
        "backgroundColor": "#fff",
        "borderColor": "black",
        "borderWidth": 1,
        "marginBottom": 10,
        "padding": 10,
        "width": "80%",
      }
    }
    underlineColorAndroid="transparent"
    value="2010"
  />
  <Text>
    Color
  </Text>
  <TextInput
    allowFontScaling={true}
    name="color"
    onChangeText={[Function]}
    placeholder="color"
    rejectResponderTermination={true}
    style={
      Object {
        "backgroundColor": "#fff",
        "borderColor": "black",
        "borderWidth": 1,
        "marginBottom": 10,
        "padding": 10,
        "width": "80%",
      }
    }
    underlineColorAndroid="transparent"
    value="silver"
  />
  <Text>
    License Plate
  </Text>
  <TextInput
    allowFontScaling={true}
    name="license_plate"
    onChangeText={[Function]}
    placeholder="license plate"
    rejectResponderTermination={true}
    style={
      Object {
        "backgroundColor": "#fff",
        "borderColor": "black",
        "borderWidth": 1,
        "marginBottom": 10,
        "padding": 10,
        "width": "80%",
      }
    }
    underlineColorAndroid="transparent"
    value="CYE 909"
  />
  <Text>
    License State
  </Text>
  <TextInput
    allowFontScaling={true}
    name="state"
    onChangeText={[Function]}
    placeholder="license state"
    rejectResponderTermination={true}
    style={
      Object {
        "backgroundColor": "#fff",
        "borderColor": "black",
        "borderWidth": 1,
        "marginBottom": 10,
        "padding": 10,
        "width": "80%",
      }
    }
    underlineColorAndroid="transparent"
    value=""
  />
  <TouchableOpacity
    activeOpacity={0.2}
    onPress={[Function]}
    style={
      Object {
        "borderColor": "black",
        "borderWidth": 1,
        "padding": 10,
        "width": "80%",
      }
    }
  >
    <Text
      style={
        Object {
          "textAlign": "center",
        }
      }
    >
      ADD
    </Text>
  </TouchableOpacity>
</View>
`;
