// Jest Snapshot v1, https://goo.gl/fbAQLP

exports[`Contact should match the snapshot with all of the data passed through 1`] = `
<View
  style={
    Object {
      "alignItems": "center",
      "flex": 1,
      "marginVertical": 40,
    }
  }
>
  <Text
    style={
      Object {
        "fontSize": 12,
        "textAlign": "left",
        "width": "80%",
      }
    }
  >
    Name:
  </Text>
  <TextInput
    allowFontScaling={true}
    name="name"
    onChangeText={[Function]}
    placeholder="Jane D. Hiker"
    rejectResponderTermination={true}
    style={
      Object {
        "backgroundColor": "#fff",
        "borderColor": "black",
        "borderWidth": 1,
        "marginBottom": 10,
        "padding": 10,
        "width": "80%",
      }
    }
    underlineColorAndroid="transparent"
    value="Mom"
  />
  <Text
    style={
      Object {
        "fontSize": 12,
        "textAlign": "left",
        "width": "80%",
      }
    }
  >
    Phone number:
  </Text>
  <TextInput
    allowFontScaling={true}
    name="phone"
    onChangeText={[Function]}
    placeholder="(970)123-4567"
    rejectResponderTermination={true}
    style={
      Object {
        "backgroundColor": "#fff",
        "borderColor": "black",
        "borderWidth": 1,
        "marginBottom": 10,
        "padding": 10,
        "width": "80%",
      }
    }
    underlineColorAndroid="transparent"
    value="123 456 7890"
  />
  <Text
    style={
      Object {
        "fontSize": 12,
        "textAlign": "left",
        "width": "80%",
      }
    }
  >
    Email address:
  </Text>
  <TextInput
    allowFontScaling={true}
    name="email"
    onChangeText={[Function]}
    placeholder="jane@email.com"
    rejectResponderTermination={true}
    style={
      Object {
        "backgroundColor": "#fff",
        "borderColor": "black",
        "borderWidth": 1,
        "marginBottom": 10,
        "padding": 10,
        "width": "80%",
      }
    }
    underlineColorAndroid="transparent"
    value="mom@email.com"
  />
  <TouchableOpacity
    activeOpacity={0.2}
    onPress={[Function]}
    style={
      Object {
        "borderColor": "black",
        "borderWidth": 1,
        "padding": 10,
        "width": "80%",
      }
    }
  >
    <Text
      style={
        Object {
          "textAlign": "center",
        }
      }
    >
      ADD
    </Text>
  </TouchableOpacity>
</View>
`;
