// Jest Snapshot v1, https://goo.gl/fbAQLP

exports[`Trip should match the snapshot with all of the data passed through 1`] = `
<KeyboardAvoidingView
  behavior="padding"
  enabled={true}
  keyboardVerticalOffset={0}
  style={
    Object {
      "flex": 1,
    }
  }
>
  <View
    style={
      Object {
        "alignItems": "center",
        "flex": 1,
        "marginHorizontal": "10%",
        "width": "80%",
      }
    }
  >
    <Component
      style={
        Object {
          "flex": 1,
          "height": 300,
          "width": "100%",
        }
      }
    >
      <View
        style={
          Object {
            "marginBottom": 10,
          }
        }
      >
        <TouchableOpacity
          activeOpacity={0.2}
          onPress={[Function]}
          style={
            Object {
              "marginVertical": 1,
            }
          }
        >
          <Text
            style={
              Object {
                "backgroundColor": "#EFB095",
                "borderColor": "#001028",
                "borderWidth": 4,
                "color": "#001028",
                "fontFamily": "Futura",
                "fontSize": 18,
                "marginVertical": 10,
                "paddingVertical": 10,
                "textAlign": "center",
              }
            }
          >
            Select Emergency Contacts
          </Text>
        </TouchableOpacity>
        <TouchableOpacity
          activeOpacity={0.2}
          onPress={[Function]}
          style={
            Object {
              "marginVertical": 1,
            }
          }
        >
          <Text
            style={
              Object {
                "backgroundColor": "#EFB095",
                "borderColor": "#001028",
                "borderWidth": 4,
                "color": "#001028",
                "fontFamily": "Futura",
                "fontSize": 18,
                "marginVertical": 10,
                "paddingVertical": 10,
                "textAlign": "center",
              }
            }
          >
            Select Vehicle
          </Text>
        </TouchableOpacity>
        <TouchableOpacity
          activeOpacity={0.2}
          onPress={[Function]}
          style={
            Object {
              "marginVertical": 1,
            }
          }
        >
          <Text
            style={
              Object {
                "backgroundColor": "#EFB095",
                "borderColor": "#001028",
                "borderWidth": 4,
                "color": "#001028",
                "fontFamily": "Futura",
                "fontSize": 18,
                "marginVertical": 10,
                "paddingVertical": 10,
                "textAlign": "center",
              }
            }
          >
            Select Gear Items
          </Text>
        </TouchableOpacity>
      </View>
      <Text
        style={
          Object {
            "color": "#001028",
            "fontFamily": "Georgia",
            "fontSize": 18,
            "paddingBottom": 2,
            "textAlign": "left",
          }
        }
      >
        Trip Name: 
      </Text>
      <TextInput
        allowFontScaling={true}
        onChangeText={[Function]}
        placeholder="Mt Massive w/soccer club"
        rejectResponderTermination={true}
        style={
          Object {
            "backgroundColor": "#F0F0F0",
            "borderColor": "#001028",
            "borderRadius": 2,
            "borderWidth": 2,
            "marginBottom": 15,
            "padding": 10,
          }
        }
        underlineColorAndroid="transparent"
        value=""
      />
      <Text
        style={
          Object {
            "color": "#001028",
            "fontFamily": "Georgia",
            "fontSize": 18,
            "paddingBottom": 2,
            "textAlign": "left",
          }
        }
      >
        Starting Point:
      </Text>
      <TextInput
        allowFontScaling={true}
        onChangeText={[Function]}
        placeholder="Leadville Fish Hatchery"
        rejectResponderTermination={true}
        style={
          Object {
            "backgroundColor": "#F0F0F0",
            "borderColor": "#001028",
            "borderRadius": 2,
            "borderWidth": 2,
            "marginBottom": 15,
            "padding": 10,
          }
        }
        underlineColorAndroid="transparent"
        value=""
      />
      <Text
        style={
          Object {
            "color": "#001028",
            "fontFamily": "Georgia",
            "fontSize": 18,
            "paddingBottom": 2,
            "textAlign": "left",
          }
        }
      >
        Ending Point:
      </Text>
      <TextInput
        allowFontScaling={true}
        onChangeText={[Function]}
        placeholder="Leadville Fish Hatchery"
        rejectResponderTermination={true}
        style={
          Object {
            "backgroundColor": "#F0F0F0",
            "borderColor": "#001028",
            "borderRadius": 2,
            "borderWidth": 2,
            "marginBottom": 15,
            "padding": 10,
          }
        }
        underlineColorAndroid="transparent"
        value=""
      />
      <TouchableOpacity
        activeOpacity={0.2}
        onPress={[Function]}
        style={
          Object {
            "marginVertical": 1,
          }
        }
      >
        <Text
          style={
            Object {
              "backgroundColor": "#EFB095",
              "borderColor": "#001028",
              "borderWidth": 4,
              "color": "#001028",
              "fontFamily": "Futura",
              "fontSize": 18,
              "marginVertical": 10,
              "paddingVertical": 10,
              "textAlign": "center",
            }
          }
        >
          Select Start Date
        </Text>
      </TouchableOpacity>
      <View
        style={
          Object {
            "borderBottomWidth": 2,
            "borderColor": "#001028",
            "marginBottom": 10,
            "marginTop": 5,
            "paddingBottom": 5,
          }
        }
      >
        <Text
          style={
            Object {
              "color": "#001028",
              "fontFamily": "Georgia",
              "fontSize": 18,
              "paddingBottom": 4,
              "textAlign": "center",
            }
          }
        >
          Start Date
        </Text>
      </View>
      <TouchableOpacity
        activeOpacity={0.2}
        onPress={[Function]}
        style={
          Object {
            "marginVertical": 1,
          }
        }
      >
        <Text
          style={
            Object {
              "backgroundColor": "#EFB095",
              "borderColor": "#001028",
              "borderWidth": 4,
              "color": "#001028",
              "fontFamily": "Futura",
              "fontSize": 18,
              "marginVertical": 10,
              "paddingVertical": 10,
              "textAlign": "center",
            }
          }
        >
          Select Start Time
        </Text>
      </TouchableOpacity>
      <View
        style={
          Object {
            "borderBottomWidth": 2,
            "borderColor": "#001028",
            "marginBottom": 10,
            "marginTop": 5,
            "paddingBottom": 5,
          }
        }
      >
        <Text
          style={
            Object {
              "color": "#001028",
              "fontFamily": "Georgia",
              "fontSize": 18,
              "paddingBottom": 4,
              "textAlign": "center",
            }
          }
        >
          Start Time
        </Text>
      </View>
      <TouchableOpacity
        activeOpacity={0.2}
        onPress={[Function]}
        style={
          Object {
            "marginVertical": 1,
          }
        }
      >
        <Text
          style={
            Object {
              "backgroundColor": "#EFB095",
              "borderColor": "#001028",
              "borderWidth": 4,
              "color": "#001028",
              "fontFamily": "Futura",
              "fontSize": 18,
              "marginVertical": 10,
              "paddingVertical": 10,
              "textAlign": "center",
            }
          }
        >
          Select End Date
        </Text>
      </TouchableOpacity>
      <View
        style={
          Object {
            "borderBottomWidth": 2,
            "borderColor": "#001028",
            "marginBottom": 10,
            "marginTop": 5,
            "paddingBottom": 5,
          }
        }
      >
        <Text
          style={
            Object {
              "color": "#001028",
              "fontFamily": "Georgia",
              "fontSize": 18,
              "paddingBottom": 4,
              "textAlign": "center",
            }
          }
        >
          End Date
        </Text>
      </View>
      <TouchableOpacity
        activeOpacity={0.2}
        onPress={[Function]}
        style={
          Object {
            "marginVertical": 1,
          }
        }
      >
        <Text
          style={
            Object {
              "backgroundColor": "#EFB095",
              "borderColor": "#001028",
              "borderWidth": 4,
              "color": "#001028",
              "fontFamily": "Futura",
              "fontSize": 18,
              "marginVertical": 10,
              "paddingVertical": 10,
              "textAlign": "center",
            }
          }
        >
          Select End Time
        </Text>
      </TouchableOpacity>
      <View
        style={
          Object {
            "borderBottomWidth": 2,
            "borderColor": "#001028",
            "marginBottom": 10,
            "marginTop": 5,
            "paddingBottom": 5,
          }
        }
      >
        <Text
          style={
            Object {
              "color": "#001028",
              "fontFamily": "Georgia",
              "fontSize": 18,
              "paddingBottom": 4,
              "textAlign": "center",
            }
          }
        >
          End Time
        </Text>
      </View>
      <TouchableOpacity
        activeOpacity={0.2}
        onPress={[Function]}
        style={
          Object {
            "marginVertical": 1,
          }
        }
      >
        <Text
          style={
            Object {
              "backgroundColor": "#EFB095",
              "borderColor": "#001028",
              "borderWidth": 4,
              "color": "#001028",
              "fontFamily": "Futura",
              "fontSize": 18,
              "marginVertical": 10,
              "paddingVertical": 10,
              "textAlign": "center",
            }
          }
        >
          Select Notification Date
        </Text>
      </TouchableOpacity>
      <View
        style={
          Object {
            "borderBottomWidth": 2,
            "borderColor": "#001028",
            "marginBottom": 10,
            "marginTop": 5,
            "paddingBottom": 5,
          }
        }
      >
        <Text
          style={
            Object {
              "color": "#001028",
              "fontFamily": "Georgia",
              "fontSize": 18,
              "paddingBottom": 4,
              "textAlign": "center",
            }
          }
        >
          Notification Date
        </Text>
      </View>
      <TouchableOpacity
        activeOpacity={0.2}
        onPress={[Function]}
        style={
          Object {
            "marginVertical": 1,
          }
        }
      >
        <Text
          style={
            Object {
              "backgroundColor": "#EFB095",
              "borderColor": "#001028",
              "borderWidth": 4,
              "color": "#001028",
              "fontFamily": "Futura",
              "fontSize": 18,
              "marginVertical": 10,
              "paddingVertical": 10,
              "textAlign": "center",
            }
          }
        >
          Select Notification Time
        </Text>
      </TouchableOpacity>
      <View
        style={
          Object {
            "borderBottomWidth": 2,
            "borderColor": "#001028",
            "marginBottom": 10,
            "marginTop": 5,
            "paddingBottom": 5,
          }
        }
      >
        <Text
          style={
            Object {
              "color": "#001028",
              "fontFamily": "Georgia",
              "fontSize": 18,
              "paddingBottom": 4,
              "textAlign": "center",
            }
          }
        >
          Notification Time
        </Text>
      </View>
      <Text
        style={
          Object {
            "color": "#001028",
            "fontFamily": "Georgia",
            "fontSize": 18,
            "marginTop": 10,
            "paddingBottom": 2,
            "textAlign": "left",
          }
        }
      >
        Number of Companions:
      </Text>
      <TextInput
        allowFontScaling={true}
        keyboardType="numeric"
        onChangeText={[Function]}
        placeholder="3"
        rejectResponderTermination={true}
        style={
          Object {
            "backgroundColor": "#F0F0F0",
            "borderColor": "#001028",
            "borderRadius": 2,
            "borderWidth": 2,
            "marginBottom": 15,
            "padding": 10,
          }
        }
        underlineColorAndroid="transparent"
        value=""
      />
      <Component
        animationType="slide"
        hardwareAccelerated={false}
        onRequestClose={[Function]}
        transparent={true}
        visible={false}
      >
        <View
          style={
            Object {
              "backgroundColor": "#EFB095",
              "borderColor": "#001028",
              "borderTopWidth": 10,
              "bottom": -10,
              "height": 300,
              "left": 10,
              "margin": 5,
              "padding": 20,
              "position": "absolute",
              "right": 10,
            }
          }
        >
          <Text
            style={
              Object {
                "fontSize": 21,
                "marginBottom": 5,
              }
            }
          >
            Select Contacts:
          </Text>
          <Component>
            <TouchableHighlight
              activeOpacity={0.85}
              delayPressOut={100}
              onPress={[Function]}
              style={
                Object {
                  "height": 60,
                  "marginVertical": 3,
                  "paddingVertical": 10,
                }
              }
              underlayColor="black"
            >
              <View
                style={
                  Object {
                    "flex": 1,
                    "flexDirection": "row",
                  }
                }
              >
                <Component
                  icon={
                    Object {
                      "icon": Array [
                        448,
                        512,
                        Array [],
                        "f0fe",
                        "M400 32H48C21.5 32 0 53.5 0 80v352c0 26.5 21.5 48 48 48h352c26.5 0 48-21.5 48-48V80c0-26.5-21.5-48-48-48zm-32 252c0 6.6-5.4 12-12 12h-92v92c0 6.6-5.4 12-12 12h-56c-6.6 0-12-5.4-12-12v-92H92c-6.6 0-12-5.4-12-12v-56c0-6.6 5.4-12 12-12h92v-92c0-6.6 5.4-12 12-12h56c6.6 0 12 5.4 12 12v92h92c6.6 0 12 5.4 12 12v56z",
                      ],
                      "iconName": "plus-square",
                      "prefix": "fas",
                    }
                  }
                  size={36}
                  style={
                    Object {
                      "color": "#001028",
                      "marginVertical": 5,
                    }
                  }
                />
                <Text
                  style={
                    Object {
                      "color": "#001028",
                      "fontSize": 21,
                      "paddingLeft": 7,
                      "paddingVertical": 10,
                    }
                  }
                >
                  Beans
                </Text>
              </View>
            </TouchableHighlight>
          </Component>
          <TouchableOpacity
            activeOpacity={0.2}
            onPress={[Function]}
          >
            <Text
              style={
                Object {
                  "backgroundColor": "#001028",
                  "borderRadius": 3,
                  "color": "#F0F0F0",
                  "fontFamily": "Futura",
                  "fontSize": 28,
                  "marginVertical": 10,
                  "paddingVertical": 12,
                  "textAlign": "center",
                  "width": "100%",
                }
              }
            >
              Submit Contacts List
            </Text>
          </TouchableOpacity>
        </View>
      </Component>
      <Component
        animationType="slide"
        hardwareAccelerated={false}
        onRequestClose={[Function]}
        transparent={true}
        visible={false}
      >
        <View
          style={
            Object {
              "backgroundColor": "#EFB095",
              "borderColor": "#001028",
              "borderTopWidth": 10,
              "bottom": -10,
              "height": 300,
              "left": 10,
              "margin": 5,
              "padding": 20,
              "position": "absolute",
              "right": 10,
            }
          }
        >
          <Text
            style={
              Object {
                "fontSize": 21,
                "marginBottom": 5,
              }
            }
          >
            Select Vehicle:
          </Text>
          <TouchableHighlight
            activeOpacity={0.85}
            delayPressOut={100}
            key="1"
            onPress={[Function]}
            style={
              Object {
                "height": 60,
                "marginVertical": 3,
                "paddingVertical": 10,
              }
            }
            underlayColor="black"
          >
            <View
              style={
                Object {
                  "flex": 1,
                  "flexDirection": "row",
                }
              }
            >
              <Component
                icon={
                  Object {
                    "icon": Array [
                      448,
                      512,
                      Array [],
                      "f0fe",
                      "M400 32H48C21.5 32 0 53.5 0 80v352c0 26.5 21.5 48 48 48h352c26.5 0 48-21.5 48-48V80c0-26.5-21.5-48-48-48zm-32 252c0 6.6-5.4 12-12 12h-92v92c0 6.6-5.4 12-12 12h-56c-6.6 0-12-5.4-12-12v-92H92c-6.6 0-12-5.4-12-12v-56c0-6.6 5.4-12 12-12h92v-92c0-6.6 5.4-12 12-12h56c6.6 0 12 5.4 12 12v92h92c6.6 0 12 5.4 12 12v56z",
                    ],
                    "iconName": "plus-square",
                    "prefix": "fas",
                  }
                }
                size={36}
                style={
                  Object {
                    "color": "#001028",
                    "marginVertical": 5,
                  }
                }
              />
              <Text
                style={
                  Object {
                    "color": "#001028",
                    "fontSize": 21,
                    "paddingLeft": 7,
                    "paddingVertical": 10,
                  }
                }
              >
                Ford
                 
                F150
              </Text>
            </View>
          </TouchableHighlight>
        </View>
      </Component>
      <Component
        animationType="slide"
        hardwareAccelerated={false}
        onRequestClose={[Function]}
        transparent={true}
        visible={false}
      >
        <View
          style={
            Object {
              "backgroundColor": "#EFB095",
              "borderColor": "#001028",
              "borderTopWidth": 10,
              "bottom": -10,
              "height": 300,
              "left": 10,
              "margin": 5,
              "padding": 20,
              "position": "absolute",
              "right": 10,
            }
          }
        >
          <Text
            style={
              Object {
                "fontSize": 21,
                "marginBottom": 5,
              }
            }
          >
            Select Gear Items:
          </Text>
          <Component>
            <TouchableHighlight
              activeOpacity={0.85}
              delayPressOut={100}
              key="89"
              onPress={[Function]}
              style={
                Object {
                  "height": 60,
                  "marginVertical": 3,
                  "paddingVertical": 10,
                }
              }
              underlayColor="black"
            >
              <View
                style={
                  Object {
                    "flex": 1,
                    "flexDirection": "row",
                  }
                }
              >
                <Component
                  icon={
                    Object {
                      "icon": Array [
                        448,
                        512,
                        Array [],
                        "f0fe",
                        "M400 32H48C21.5 32 0 53.5 0 80v352c0 26.5 21.5 48 48 48h352c26.5 0 48-21.5 48-48V80c0-26.5-21.5-48-48-48zm-32 252c0 6.6-5.4 12-12 12h-92v92c0 6.6-5.4 12-12 12h-56c-6.6 0-12-5.4-12-12v-92H92c-6.6 0-12-5.4-12-12v-56c0-6.6 5.4-12 12-12h92v-92c0-6.6 5.4-12 12-12h56c6.6 0 12 5.4 12 12v92h92c6.6 0 12 5.4 12 12v56z",
                      ],
                      "iconName": "plus-square",
                      "prefix": "fas",
                    }
                  }
                  size={36}
                  style={
                    Object {
                      "color": "#001028",
                      "marginVertical": 5,
                    }
                  }
                />
                <Text
                  style={
                    Object {
                      "color": "#001028",
                      "fontSize": 21,
                      "paddingLeft": 7,
                      "paddingVertical": 10,
                    }
                  }
                >
                  Rustic Iron Bottle
                </Text>
              </View>
            </TouchableHighlight>
          </Component>
          <TouchableOpacity
            activeOpacity={0.2}
            onPress={[Function]}
          >
            <Text
              style={
                Object {
                  "backgroundColor": "#001028",
                  "borderRadius": 3,
                  "color": "#F0F0F0",
                  "fontFamily": "Futura",
                  "fontSize": 28,
                  "marginVertical": 10,
                  "paddingVertical": 12,
                  "textAlign": "center",
                  "width": "100%",
                }
              }
            >
              Submit Gear List
            </Text>
          </TouchableOpacity>
        </View>
      </Component>
      <Component
        animationType="slide"
        hardwareAccelerated={false}
        onRequestClose={[Function]}
        transparent={true}
        visible={false}
      >
        <View
          style={
            Object {
              "backgroundColor": "#EFB095",
              "borderColor": "#001028",
              "borderTopWidth": 10,
              "bottom": -10,
              "height": 400,
              "left": 10,
              "margin": 5,
              "padding": 20,
              "position": "absolute",
              "right": 10,
            }
          }
        >
          <Text
            style={
              Object {
                "fontSize": 21,
                "marginBottom": 5,
              }
            }
          >
            Select Start Date:
          </Text>
          <DatePickerIOS
            date={2019-12-20T07:00:00.000Z}
            mode="date"
            onDateChange={[Function]}
          />
          <TouchableOpacity
            activeOpacity={0.2}
            onPress={[Function]}
          >
            <Text
              style={
                Object {
                  "backgroundColor": "#001028",
                  "borderRadius": 3,
                  "color": "#F0F0F0",
                  "fontFamily": "Futura",
                  "fontSize": 28,
                  "marginVertical": 10,
                  "paddingVertical": 12,
                  "textAlign": "center",
                  "width": "100%",
                }
              }
            >
              Submit Start Date
            </Text>
          </TouchableOpacity>
        </View>
      </Component>
      <Component
        animationType="slide"
        hardwareAccelerated={false}
        onRequestClose={[Function]}
        transparent={true}
        visible={false}
      >
        <View
          style={
            Object {
              "backgroundColor": "#EFB095",
              "borderColor": "#001028",
              "borderTopWidth": 10,
              "bottom": -10,
              "height": 400,
              "left": 10,
              "margin": 5,
              "padding": 20,
              "position": "absolute",
              "right": 10,
            }
          }
        >
          <Text
            style={
              Object {
                "fontSize": 21,
                "marginBottom": 5,
              }
            }
          >
            Select End Date:
          </Text>
          <DatePickerIOS
            date={2019-12-20T07:00:00.000Z}
            mode="date"
            onDateChange={[Function]}
          />
          <TouchableOpacity
            activeOpacity={0.2}
            onPress={[Function]}
          >
            <Text
              style={
                Object {
                  "backgroundColor": "#001028",
                  "borderRadius": 3,
                  "color": "#F0F0F0",
                  "fontFamily": "Futura",
                  "fontSize": 28,
                  "marginVertical": 10,
                  "paddingVertical": 12,
                  "textAlign": "center",
                  "width": "100%",
                }
              }
            >
              Submit End Date
            </Text>
          </TouchableOpacity>
        </View>
      </Component>
      <Component
        animationType="slide"
        hardwareAccelerated={false}
        onRequestClose={[Function]}
        transparent={true}
        visible={false}
      >
        <View
          style={
            Object {
              "backgroundColor": "#EFB095",
              "borderColor": "#001028",
              "borderTopWidth": 10,
              "bottom": -10,
              "height": 400,
              "left": 10,
              "margin": 5,
              "padding": 20,
              "position": "absolute",
              "right": 10,
            }
          }
        >
          <Text
            style={
              Object {
                "fontSize": 21,
                "marginBottom": 5,
              }
            }
          >
            Select Notification Date:
          </Text>
          <DatePickerIOS
            date={2019-12-20T07:00:00.000Z}
            mode="date"
            onDateChange={[Function]}
          />
          <TouchableOpacity
            activeOpacity={0.2}
            onPress={[Function]}
          >
            <Text
              style={
                Object {
                  "backgroundColor": "#001028",
                  "borderRadius": 3,
                  "color": "#F0F0F0",
                  "fontFamily": "Futura",
                  "fontSize": 28,
                  "marginVertical": 10,
                  "paddingVertical": 12,
                  "textAlign": "center",
                  "width": "100%",
                }
              }
            >
              Submit Notification Date
            </Text>
          </TouchableOpacity>
        </View>
      </Component>
      <Component
        animationType="slide"
        hardwareAccelerated={false}
        onRequestClose={[Function]}
        transparent={true}
        visible={false}
      >
        <View
          style={
            Object {
              "backgroundColor": "#EFB095",
              "borderColor": "#001028",
              "borderTopWidth": 10,
              "bottom": -10,
              "height": 400,
              "left": 10,
              "margin": 5,
              "padding": 20,
              "position": "absolute",
              "right": 10,
            }
          }
        >
          <Text
            style={
              Object {
                "fontSize": 21,
                "marginBottom": 5,
              }
            }
          >
            Select Start Time:
          </Text>
          <DatePickerIOS
            date={2019-12-20T07:00:00.000Z}
            mode="time"
            onDateChange={[Function]}
          />
          <TouchableOpacity
            activeOpacity={0.2}
            onPress={[Function]}
          >
            <Text
              style={
                Object {
                  "backgroundColor": "#001028",
                  "borderRadius": 3,
                  "color": "#F0F0F0",
                  "fontFamily": "Futura",
                  "fontSize": 28,
                  "marginVertical": 10,
                  "paddingVertical": 12,
                  "textAlign": "center",
                  "width": "100%",
                }
              }
            >
              Submit Start Time
            </Text>
          </TouchableOpacity>
        </View>
      </Component>
      <Component
        animationType="slide"
        hardwareAccelerated={false}
        onRequestClose={[Function]}
        transparent={true}
        visible={false}
      >
        <View
          style={
            Object {
              "backgroundColor": "#EFB095",
              "borderColor": "#001028",
              "borderTopWidth": 10,
              "bottom": -10,
              "height": 400,
              "left": 10,
              "margin": 5,
              "padding": 20,
              "position": "absolute",
              "right": 10,
            }
          }
        >
          <Text
            style={
              Object {
                "fontSize": 21,
                "marginBottom": 5,
              }
            }
          >
            Select End Time:
          </Text>
          <DatePickerIOS
            date={2019-12-20T07:00:00.000Z}
            mode="time"
            onDateChange={[Function]}
          />
          <TouchableOpacity
            activeOpacity={0.2}
            onPress={[Function]}
          >
            <Text
              style={
                Object {
                  "backgroundColor": "#001028",
                  "borderRadius": 3,
                  "color": "#F0F0F0",
                  "fontFamily": "Futura",
                  "fontSize": 28,
                  "marginVertical": 10,
                  "paddingVertical": 12,
                  "textAlign": "center",
                  "width": "100%",
                }
              }
            >
              Submit End Time
            </Text>
          </TouchableOpacity>
        </View>
      </Component>
      <Component
        animationType="slide"
        hardwareAccelerated={false}
        onRequestClose={[Function]}
        transparent={true}
        visible={false}
      >
        <View
          style={
            Object {
              "backgroundColor": "#EFB095",
              "borderColor": "#001028",
              "borderTopWidth": 10,
              "bottom": -10,
              "height": 400,
              "left": 10,
              "margin": 5,
              "padding": 20,
              "position": "absolute",
              "right": 10,
            }
          }
        >
          <Text
            style={
              Object {
                "fontSize": 21,
                "marginBottom": 5,
              }
            }
          >
            Select Notification Time:
          </Text>
          <DatePickerIOS
            date={2019-12-20T07:00:00.000Z}
            mode="time"
            onDateChange={[Function]}
          />
          <TouchableOpacity
            activeOpacity={0.2}
            onPress={[Function]}
          >
            <Text
              style={
                Object {
                  "backgroundColor": "#001028",
                  "borderRadius": 3,
                  "color": "#F0F0F0",
                  "fontFamily": "Futura",
                  "fontSize": 28,
                  "marginVertical": 10,
                  "paddingVertical": 12,
                  "textAlign": "center",
                  "width": "100%",
                }
              }
            >
              Submit Notification Time
            </Text>
          </TouchableOpacity>
        </View>
      </Component>
      <View
        style={
          Object {
            "flex": 1,
          }
        }
      />
    </Component>
    <TouchableOpacity
      activeOpacity={0.2}
      disabled={true}
      onPress={[Function]}
      style={
        Object {
          "backgroundColor": "maroon",
          "borderColor": "red",
          "borderWidth": 1,
          "marginVertical": 10,
          "paddingVertical": 10,
          "width": "100%",
        }
      }
    >
      <Text
        style={
          Object {
            "color": "#F0F0F0",
            "fontFamily": "Futura",
            "fontSize": 21,
            "textAlign": "center",
          }
        }
      >
        ADD TRIP
      </Text>
    </TouchableOpacity>
  </View>
</KeyboardAvoidingView>
`;
