// Jest Snapshot v1, https://goo.gl/fbAQLP

exports[`CategoryList should match the snapshot with all of the data passed through 1`] = `
<View>
  <View
    style={
      Object {
        "backgroundColor": "red",
        "marginTop": 80,
      }
    }
  >
    <View
      style={Object {}}
    />
    <Text>
      Category List Page
    </Text>
    <View>
      <Button
        onPress={[Function]}
        style={
          Object {
            "fontSize": 21,
            "height": 50,
            "textAlign": "center",
          }
        }
        title="Add Item"
      />
    </View>
  </View>
</View>
`;
