// Jest Snapshot v1, https://goo.gl/fbAQLP

exports[`GearList should match the snapshot with all of the data passed through 1`] = `
<View>
  <View
    style={
      Object {
        "alignItems": "center",
        "height": "96%",
        "marginTop": 20,
      }
    }
  >
    <ImageBackground
      imageStyle={
        Object {
          "opacity": 0.2,
        }
      }
      source={
        Object {
          "testUri": "../../../assets/background.png",
        }
      }
      style={
        Object {
          "flex": 1,
          "width": "100%",
        }
      }
    >
      <ScrollViewMock
        style={
          Object {
            "backgroundColor": "fff",
            "borderColor": "#001028",
            "borderRadius": 3,
            "borderWidth": 4,
            "flex": 1,
            "height": 300,
            "marginHorizontal": "5%",
            "width": "90%",
          }
        }
      >
        <View
          key="89"
          style={
            Object {
              "backgroundColor": "#efefef",
              "flex": 1,
              "flexDirection": "row",
              "height": 70,
              "justifyContent": "space-between",
              "marginVertical": 5,
            }
          }
        >
          <Text
            onPress={[Function]}
            style={
              Object {
                "borderColor": "#001028",
                "borderWidth": 1,
                "height": 35,
                "margin": 4,
                "padding": 5,
              }
            }
          >
            REMOVE
          </Text>
          <Text
            style={
              Object {
                "flex": 1,
                "fontFamily": "Futura",
                "fontSize": 28,
                "paddingLeft": 7,
                "paddingVertical": 2,
              }
            }
          >
            Rustic Iron Bottle
          </Text>
        </View>
      </ScrollViewMock>
    </ImageBackground>
  </View>
</View>
`;
