// Jest Snapshot v1, https://goo.gl/fbAQLP

exports[`GearList should match the snapshot with all of the data passed through 1`] = `
<View>
  <View
    style={
      Object {
        "alignItems": "center",
        "height": "96%",
        "marginTop": 20,
      }
    }
  >
    <ImageBackground
      imageStyle={
        Object {
          "opacity": 0.2,
        }
      }
      source={
        Object {
          "testUri": "../../../assets/background.png",
        }
      }
      style={
        Object {
          "flex": 1,
          "width": "100%",
        }
      }
    >
      <ScrollViewMock
        style={
          Object {
            "backgroundColor": "fff",
            "borderColor": "#001028",
            "borderRadius": 3,
            "borderWidth": 4,
            "flex": 1,
            "height": 300,
            "marginHorizontal": "5%",
            "width": "90%",
          }
        }
      >
        <View
          key="89"
          style={
            Object {
              "backgroundColor": "#efefef",
              "flex": 1,
              "flexDirection": "row",
              "height": 50,
              "justifyContent": "space-between",
              "marginVertical": 5,
            }
          }
        >
          <Component
            icon={
              Object {
                "icon": Array [
                  448,
                  512,
                  Array [],
                  "f146",
                  "M400 32H48C21.5 32 0 53.5 0 80v352c0 26.5 21.5 48 48 48h352c26.5 0 48-21.5 48-48V80c0-26.5-21.5-48-48-48zM92 296c-6.6 0-12-5.4-12-12v-56c0-6.6 5.4-12 12-12h264c6.6 0 12 5.4 12 12v56c0 6.6-5.4 12-12 12H92z",
                ],
                "iconName": "minus-square",
                "prefix": "fas",
              }
            }
            onPress={[Function]}
            size={36}
            style={
              Object {
                "color": "#001028",
                "height": 30,
                "marginHorizontal": 12,
                "marginVertical": 10,
                "padding": 5,
              }
            }
          />
          <Text
            style={
              Object {
                "flex": 1,
                "fontFamily": "Futura",
                "fontSize": 21,
                "paddingVertical": 10,
              }
            }
          >
            Rustic Iron Bottle
          </Text>
        </View>
      </ScrollViewMock>
    </ImageBackground>
  </View>
</View>
`;
