// Jest Snapshot v1, https://goo.gl/fbAQLP

exports[`TripList should match the snapshot with all of the data passed through 1`] = `
<View>
  <View
    style={
      Object {
        "alignItems": "center",
        "height": "96%",
        "marginTop": 20,
      }
    }
  >
    <ScrollViewMock
      style={
        Object {
          "borderColor": "black",
          "borderWidth": 1,
          "flex": 1,
          "height": 300,
          "width": "90%",
        }
      }
    >
      <View
        style={
          Object {
            "backgroundColor": "#efefef",
            "flex": 1,
            "flexDirection": "row",
            "height": 50,
            "justifyContent": "space-between",
            "marginVertical": 5,
          }
        }
      >
        <Text
          style={
            Object {
              "borderColor": "black",
              "borderWidth": 1,
              "height": 35,
              "margin": 4,
              "padding": 5,
            }
          }
        >
          REMOVE
        </Text>
        <View
          style={
            Object {
              "flex": 1,
              "flexDirection": "column",
            }
          }
        >
          <Text
            style={
              Object {
                "flex": 1,
                "fontSize": 18,
                "justifyContent": "flexStart",
                "paddingLeft": 5,
              }
            }
          >
            Spanish Peaks Backpacking Trip
          </Text>
          <Text
            style={
              Object {
                "flex": 1,
                "fontSize": 12,
                "justifyContent": "flexStart",
                "paddingLeft": 5,
              }
            }
          >
            2020-05-01
             to 
            2020-05-03
          </Text>
        </View>
      </View>
    </ScrollViewMock>
  </View>
</View>
`;
