// Jest Snapshot v1, https://goo.gl/fbAQLP

exports[`ContactList should match the snapshot with all of the data passed through 1`] = `
<View>
  <View>
    <View />
    <Text>
      Contact List Page
    </Text>
    <View>
      <Button
        onPress={[Function]}
        title="Go to a Contact"
      />
    </View>
  </View>
</View>
`;
