// Jest Snapshot v1, https://goo.gl/fbAQLP

exports[`VehicleList should match the snapshot with all of the data passed through 1`] = `
<View>
  <View
    style={
      Object {
        "alignItems": "center",
        "height": "96%",
        "marginTop": 20,
      }
    }
  >
    <ScrollViewMock
      style={
        Object {
          "borderColor": "black",
          "borderWidth": 2,
          "flex": 1,
          "height": 300,
          "width": "90%",
        }
      }
    >
      <Component
        key="1"
        style={
          Object {
            "backgroundColor": "#efefef",
            "borderColor": "black",
            "borderWidth": 1,
            "flex": 1,
            "height": 30,
            "marginVertical": 5,
          }
        }
      >
        <Text
          style={
            Object {
              "flex": 1,
              "fontSize": 21,
              "height": 20,
            }
          }
        >
          Ford
        </Text>
      </Component>
    </ScrollViewMock>
    <Component
      onPress={[Function]}
      style={
        Object {
          "borderColor": "black",
          "borderWidth": 1,
          "padding": 10,
          "width": "100%",
        }
      }
    >
      <Text
        style={
          Object {
            "fontSize": 21,
            "textAlign": "center",
          }
        }
      >
        Add a vehicle
      </Text>
    </Component>
  </View>
</View>
`;
